[package]
name = "test"
version = "0.0.0"

[dependencies]
sourcegen = { path = "../../fake_sourcegen" }

[workspace]
