[package]
name = "002-remove-impls"
version = "0.0.0"

[dependencies]
sourcegen = { path = "../../fake_sourcegen" }
